НОВАЯ ИГР
НОВАЯ ИГРА
Загружено слов: 67763
Игра создана. Загадано слово: орнамент
НОВАЯ ИГРА
Загружено слов: 67763
Игра создана. Загадано слово: коньяк
НОВАЯ ИГРА
Загружено слов: 0
ОШИБКА: словарь пуст!
НОВАЯ ИГРА
Загружено слов: 4159
Игра создана. Загадано слово: ляшка
Подсказка: вычет
Игрок проиграл. Загаданное слово: ляшка
Игра завершена. Победа: false
НОВАЯ ИГРА
Загружено слов: 4159
Игра создана. Загадано слово: гараж
Подсказка: пуфик
Подсказка: валет
Подсказка: цукат
Подсказка: судно
Подсказка: багет
Подсказка: варяг
Подсказка: карга
Подсказка: гараж
Игрок победил! Слово: гараж
Игра завершена. Победа: true
НОВАЯ ИГРА
Загружено слов: 4159
Игра создана. Загадано слово: сдача
Подсказка: анаша
Подсказка: сдача
Игрок победил! Слово: сдача
Игра завершена. Победа: true
НОВАЯ ИГРА
Загружено слов: 4159
Игра создана. Загадано слово: жакет
Подсказка: жакан
Подсказка: жакет
Игрок победил! Слово: жакет
Игра завершена. Победа: true
НОВАЯ ИГРА
Загружено слов: 4159
Игра создана. Загадано слово: робот
Подсказка: линза
Подсказка: сувой
Подсказка: гогот
Подсказка: робот
Игрок победил! Слово: робот
Игра завершена. Победа: true
Игра сброшена. Новое слово: резон
Игра создана. Загадано слово: резон
Подсказка: сезон
П